igor@DESKTOP-ES7K9H6 MINGW64 ~/Desktop/Git-Exercise-2 (dev)
$ touch home.html

igor@DESKTOP-ES7K9H6 MINGW64 ~/Desktop/Git-Exercise-2 (dev)
$ git status 
On branch dev
Untracked files:
  (use "git add <file>..." to include in what will be committed)
        home.html

nothing added to commit but untracked files present (use "git add" to track)

igor@DESKTOP-ES7K9H6 MINGW64 ~/Desktop/Git-Exercise-2 (dev)
$ git stash save "created new file"
No local changes to save

igor@DESKTOP-ES7K9H6 MINGW64 ~/Desktop/Git-Exercise-2 (dev)
$ git add . 

igor@DESKTOP-ES7K9H6 MINGW64 ~/Desktop/Git-Exercise-2 (dev)
$ git status 
On branch dev
Changes to be committed:
  (use "git restore --staged <file>..." to unstage)
        new file:   home.html


igor@DESKTOP-ES7K9H6 MINGW64 ~/Desktop/Git-Exercise-2 (dev)
$ git stash save "created new file"
Saved working directory and index state On dev: created new file

igor@DESKTOP-ES7K9H6 MINGW64 ~/Desktop/Git-Exercise-2 (dev)
$ touch about.html

igor@DESKTOP-ES7K9H6 MINGW64 ~/Desktop/Git-Exercise-2 (dev)
$ git status
On branch dev
Untracked files:
  (use "git add <file>..." to include in what will be committed)
        about.html

nothing added to commit but untracked files present (use "git add" to track)

igor@DESKTOP-ES7K9H6 MINGW64 ~/Desktop/Git-Exercise-2 (dev)
$ git add .

igor@DESKTOP-ES7K9H6 MINGW64 ~/Desktop/Git-Exercise-2 (dev)
$ git stash save "created new about page "
Saved working directory and index state On dev: created new about page 

igor@DESKTOP-ES7K9H6 MINGW64 ~/Desktop/Git-Exercise-2 (dev)
$ touch team.html

igor@DESKTOP-ES7K9H6 MINGW64 ~/Desktop/Git-Exercise-2 (dev)
$ git add .

igor@DESKTOP-ES7K9H6 MINGW64 ~/Desktop/Git-Exercise-2 (dev)
$ git status 
On branch dev
Changes to be committed:
  (use "git restore --staged <file>..." to unstage)
        new file:   team.html


igor@DESKTOP-ES7K9H6 MINGW64 ~/Desktop/Git-Exercise-2 (dev)
$ git stash save "created new team page "
Saved working directory and index state On dev: created new team page 

igor@DESKTOP-ES7K9H6 MINGW64 ~/Desktop/Git-Exercise-2 (dev)
$ git stash list
stash@{0}: On dev: created new team page
stash@{1}: On dev: created new about page
stash@{2}: On dev: created new file

igor@DESKTOP-ES7K9H6 MINGW64 ~/Desktop/Git-Exercise-2 (dev)
$ git stash pop stash@{1}
On branch dev
Changes to be committed:
  (use "git restore --staged <file>..." to unstage)
        new file:   about.html

Dropped stash@{1} (0618d9cd7b70a2f6e3cc6ab4cfdcb76e6023aaac)

igor@DESKTOP-ES7K9H6 MINGW64 ~/Desktop/Git-Exercise-2 (dev)
$ git stash pop stash@{2}
fatal: log for 'stash' only has 2 entries

igor@DESKTOP-ES7K9H6 MINGW64 ~/Desktop/Git-Exercise-2 (dev)
$ git stash pop stash@{0}
On branch dev
Changes to be committed:
  (use "git restore --staged <file>..." to unstage)
        new file:   about.html
        new file:   team.html

Dropped stash@{0} (b3077abbf65998104bc62f28962f9f2d04e5ea27)

igor@DESKTOP-ES7K9H6 MINGW64 ~/Desktop/Git-Exercise-2 (dev)
$ git stash pop stash@{2}
fatal: log for 'stash' only has 1 entries

igor@DESKTOP-ES7K9H6 MINGW64 ~/Desktop/Git-Exercise-2 (dev)
$ git stash list
stash@{0}: On dev: created new file

igor@DESKTOP-ES7K9H6 MINGW64 ~/Desktop/Git-Exercise-2 (dev)
$ git stash pop stash@{0}
On branch dev
Changes to be committed:
  (use "git restore --staged <file>..." to unstage)
        new file:   about.html
        new file:   home.html
        new file:   team.html

Dropped stash@{0} (1605f460210c5bfcebbe5ad6b866dae790cf233c)

igor@DESKTOP-ES7K9H6 MINGW64 ~/Desktop/Git-Exercise-2 (dev)
$ git add . 

igor@DESKTOP-ES7K9H6 MINGW64 ~/Desktop/Git-Exercise-2 (dev)
$ git commit -m "stashed and unstashed two pages"
[dev 639d5db] stashed and unstashed two pages
 3 files changed, 35 insertions(+)
 create mode 100644 about.html
 create mode 100644 home.html
 create mode 100644 team.html

igor@DESKTOP-ES7K9H6 MINGW64 ~/Desktop/Git-Exercise-2 (dev)
$ git push origin dev 
Enumerating objects: 6, done.
Counting objects: 100% (6/6), done.
Delta compression using up to 4 threads
Compressing objects: 100% (5/5), done.
Writing objects: 100% (5/5), 706 bytes | 353.00 KiB/s, done.
Total 5 (delta 2), reused 0 (delta 0), pack-reused 0
remote: Resolving deltas: 100% (2/2), done.
remote:
remote: Create a pull request for 'dev' on GitHub by visiting:
remote:      https://github.com/igorntwari/Git-Exercises-2/pull/new/dev
remote:
To https://github.com/igorntwari/Git-Exercises-2.git
 * [new branch]      dev -> dev

igor@DESKTOP-ES7K9H6 MINGW64 ~/Desktop/Git-Exercise-2 (dev)
$ git status 
On branch dev
nothing to commit, working tree clean

igor@DESKTOP-ES7K9H6 MINGW64 ~/Desktop/Git-Exercise-2 (dev)
$ git log 
commit 639d5db0ccb0456e43da085fddc2623e00c00ff9 (HEAD -> dev, origin/dev)
Author: igorntwari <igorntwari28@gmail.com>
Date:   Tue Jul 25 12:02:50 2023 +0300

    stashed and unstashed two pages

commit f08657d93bd651ce53fbb80741e28d51a1e10256 (origin/main, main)
Author: igorntwari <igorntwari28@gmail.com>
Date:   Thu Jul 13 12:57:28 2023 +0300

    created file and made some changes

igor@DESKTOP-ES7K9H6 MINGW64 ~/Desktop/Git-Exercise-2 (dev)
$ git reset --hard f08657d93bd651ce53fbb80741e28d51a1e102561
fatal: ambiguous argument 'f08657d93bd651ce53fbb80741e28d51a1e102561': unknown revision or path not in the working tree.
Use '--' to separate paths from revisions, like this:
'git <command> [<revision>...] -- [<file>...]'

igor@DESKTOP-ES7K9H6 MINGW64 ~/Desktop/Git-Exercise-2 (dev)
$ git reset --hard f08657d93bd651ce53fbb80741e28d51a1e10256
HEAD is now at f08657d created file and made some changes

igor@DESKTOP-ES7K9H6 MINGW64 ~/Desktop/Git-Exercise-2 (dev)
$
