igor@DESKTOP-ES7K9H6 MINGW64 ~/Desktop/Git-Exercise-2 (dev)
$ git checkout -b ft/bundle-2
Switched to a new branch 'ft/bundle-2'

igor@DESKTOP-ES7K9H6 MINGW64 ~/Desktop/Git-Exercise-2 (ft/bundle-2)
$ touch services.html

igor@DESKTOP-ES7K9H6 MINGW64 ~/Desktop/Git-Exercise-2 (ft/bundle-2)
$ git push
fatal: The current branch ft/bundle-2 has no upstream branch.
To push the current branch and set the remote as upstream, use

    git push --set-upstream origin ft/bundle-2

To have this happen automatically for branches without a tracking
upstream, see 'push.autoSetupRemote' in 'git help config'.


igor@DESKTOP-ES7K9H6 MINGW64 ~/Desktop/Git-Exercise-2 (ft/bundle-2)
$ git add . 

igor@DESKTOP-ES7K9H6 MINGW64 ~/Desktop/Git-Exercise-2 (ft/bundle-2)
$ git commit -m "created new page called service"
[ft/bundle-2 624b3cd] created new page called service
 1 file changed, 12 insertions(+)
 create mode 100644 services.html

igor@DESKTOP-ES7K9H6 MINGW64 ~/Desktop/Git-Exercise-2 (ft/bundle-2)
$ git push
fatal: The current branch ft/bundle-2 has no upstream branch.
To push the current branch and set the remote as upstream, use

    git push --set-upstream origin ft/bundle-2

To have this happen automatically for branches without a tracking
upstream, see 'push.autoSetupRemote' in 'git help config'.


igor@DESKTOP-ES7K9H6 MINGW64 ~/Desktop/Git-Exercise-2 (ft/bundle-2)
$ git push origin ft/bundle-2
Enumerating objects: 4, done.
Counting objects: 100% (4/4), done.
Delta compression using up to 4 threads
Compressing objects: 100% (3/3), done.
Writing objects: 100% (3/3), 525 bytes | 262.00 KiB/s, done.
Total 3 (delta 0), reused 0 (delta 0), pack-reused 0
remote: 
remote: Create a pull request for 'ft/bundle-2' on GitHub by visiting:
remote:      https://github.com/igorntwari/Git-Exercises-2/pull/new/ft/bundle-2
remote:
To https://github.com/igorntwari/Git-Exercises-2.git
 * [new branch]      ft/bundle-2 -> ft/bundle-2

igor@DESKTOP-ES7K9H6 MINGW64 ~/Desktop/Git-Exercise-2 (ft/bundle-2)
$ git checkout main
Switched to branch 'main'
Your branch is up to date with 'origin/main'.

igor@DESKTOP-ES7K9H6 MINGW64 ~/Desktop/Git-Exercise-2 (main)
$ git pull
remote: Enumerating objects: 1, done.
remote: Counting objects: 100% (1/1), done.
remote: Total 1 (delta 0), reused 0 (delta 0), pack-reused 0
Unpacking objects: 100% (1/1), 647 bytes | 17.00 KiB/s, done.
From https://github.com/igorntwari/Git-Exercises-2
   f08657d..0fef577  main       -> origin/main
Updating f08657d..0fef577
Fast-forward
 services.html | 12 ++++++++++++
 1 file changed, 12 insertions(+)
 create mode 100644 services.html

igor@DESKTOP-ES7K9H6 MINGW64 ~/Desktop/Git-Exercise-2 (main)
$ git checkout -b ft/service-redesign
Switched to a new branch 'ft/service-redesign'

igor@DESKTOP-ES7K9H6 MINGW64 ~/Desktop/Git-Exercise-2 (ft/service-redesign)
$ git checkout main
Switched to branch 'main'
Your branch is up to date with 'origin/main'.

igor@DESKTOP-ES7K9H6 MINGW64 ~/Desktop/Git-Exercise-2 (main)
$ git stash apply 
No stash entries found.

igor@DESKTOP-ES7K9H6 MINGW64 ~/Desktop/Git-Exercise-2 (main)
$ git stash service.html 
fatal: subcommand wasn't specified; 'push' can't be assumed due to unexpected token 'service.html'

igor@DESKTOP-ES7K9H6 MINGW64 ~/Desktop/Git-Exercise-2 (main)
$ stash list
bash: stash: command not found

igor@DESKTOP-ES7K9H6 MINGW64 ~/Desktop/Git-Exercise-2 (main)
$ git stash list

igor@DESKTOP-ES7K9H6 MINGW64 ~/Desktop/Git-Exercise-2 (main)
$ git checkout ft/service-redesign
Switched to branch 'ft/service-redesign'

igor@DESKTOP-ES7K9H6 MINGW64 ~/Desktop/Git-Exercise-2 (ft/service-redesign)
$ touch services.html

igor@DESKTOP-ES7K9H6 MINGW64 ~/Desktop/Git-Exercise-2 (ft/service-redesign)
$ touch service.html

igor@DESKTOP-ES7K9H6 MINGW64 ~/Desktop/Git-Exercise-2 (ft/service-redesign)
$ git commit -m "created new service page"
On branch ft/service-redesign
Untracked files:
  (use "git add <file>..." to include in what will be committed)
        service.html

nothing added to commit but untracked files present (use "git add" to track)

igor@DESKTOP-ES7K9H6 MINGW64 ~/Desktop/Git-Exercise-2 (ft/service-redesign)
$ git add .

igor@DESKTOP-ES7K9H6 MINGW64 ~/Desktop/Git-Exercise-2 (ft/service-redesign)
$ git commit -m "created new service page"
[ft/service-redesign fc07aaa] created new service page
 1 file changed, 12 insertions(+)
 create mode 100644 service.html

igor@DESKTOP-ES7K9H6 MINGW64 ~/Desktop/Git-Exercise-2 (ft/service-redesign)
$ git push origin ft/service-redesign
Enumerating objects: 4, done.
Counting objects: 100% (4/4), done.
Delta compression using up to 4 threads
Compressing objects: 100% (3/3), done.
Writing objects: 100% (3/3), 466 bytes | 233.00 KiB/s, done.
Total 3 (delta 1), reused 0 (delta 0), pack-reused 0
remote: Resolving deltas: 100% (1/1), completed with 1 local object.
remote:
remote: Create a pull request for 'ft/service-redesign' on GitHub by visiting:
remote:      https://github.com/igorntwari/Git-Exercises-2/pull/new/ft/service-redesign
remote:
To https://github.com/igorntwari/Git-Exercises-2.git
 * [new branch]      ft/service-redesign -> ft/service-redesign

igor@DESKTOP-ES7K9H6 MINGW64 ~/Desktop/Git-Exercise-2 (ft/service-redesign)
$ git checkout main
Switched to branch 'main'
Your branch is up to date with 'origin/main'.

igor@DESKTOP-ES7K9H6 MINGW64 ~/Desktop/Git-Exercise-2 (main)
$ git add .

igor@DESKTOP-ES7K9H6 MINGW64 ~/Desktop/Git-Exercise-2 (main)
$ git commit -m "made changes in file "
[main 4ffe8f2] made changes in file
 2 files changed, 13 insertions(+), 1 deletion(-)
 create mode 100644 service.html

igor@DESKTOP-ES7K9H6 MINGW64 ~/Desktop/Git-Exercise-2 (main)
$ git push origin main
Enumerating objects: 6, done.
Counting objects: 100% (6/6), done.
Delta compression using up to 4 threads
Compressing objects: 100% (4/4), done.
Writing objects: 100% (4/4), 496 bytes | 496.00 KiB/s, done.
Total 4 (delta 2), reused 0 (delta 0), pack-reused 0
remote: Resolving deltas: 100% (2/2), completed with 1 local object.
To https://github.com/igorntwari/Git-Exercises-2.git
   0fef577..4ffe8f2  main -> main

igor@DESKTOP-ES7K9H6 MINGW64 ~/Desktop/Git-Exercise-2 (main)
$ git checkout ft/service-redesign
Switched to branch 'ft/service-redesign'

igor@DESKTOP-ES7K9H6 MINGW64 ~/Desktop/Git-Exercise-2 (ft/service-redesign)
$ git diff main..ft/service-redesign
diff --git a/service.html b/service.html
index af3a4fd..a08c071 100644
--- a/service.html
+++ b/service.html
@@ -7,6 +7,6 @@
 </head>
 <body>
     <h1>this is service page</h1>
-    <p>it is unlocated </p>
+    <p>it have been created in the ft/service-redesign branch</p>
 </body>
 </html>
\ No newline at end of file
diff --git a/services.html b/services.html
index 28ba2d7..5fce94c 100644
--- a/services.html
+++ b/services.html
@@ -7,6 +7,6 @@
 </head>
 <body>
     <h1>this is new page called service</h1>
-    <p>which is located in the branch called ft/service-redesign</p>
+    <p>which is located in the branch called ft/bundle-2</p>
 </body>
 </html>
\ No newline at end of file

igor@DESKTOP-ES7K9H6 MINGW64 ~/Desktop/Git-Exercise-2 (ft/service-redesign)
$ git merge main
Auto-merging service.html
CONFLICT (add/add): Merge conflict in service.html
Automatic merge failed; fix conflicts and then commit the result.

igor@DESKTOP-ES7K9H6 MINGW64 ~/Desktop/Git-Exercise-2 (ft/service-redesign|MERGING)
$ git commit -m "Merge main into ft/service-redesign"
error: Committing is not possible because you have unmerged files.
hint: Fix them up in the work tree, and then use 'git add/rm <file>'
hint: as appropriate to mark resolution and make a commit.
fatal: Exiting because of an unresolved conflict.
U       service.html

igor@DESKTOP-ES7K9H6 MINGW64 ~/Desktop/Git-Exercise-2 (ft/service-redesign|MERGING)
$ git status
On branch ft/service-redesign
You have unmerged paths.
  (fix conflicts and run "git commit")
  (use "git merge --abort" to abort the merge)

Changes to be committed:
        modified:   services.html

Unmerged paths:
  (use "git add <file>..." to mark resolution)
        both added:      service.html


igor@DESKTOP-ES7K9H6 MINGW64 ~/Desktop/Git-Exercise-2 (ft/service-redesign|MERGING)
$ git add service.html

igor@DESKTOP-ES7K9H6 MINGW64 ~/Desktop/Git-Exercise-2 (ft/service-redesign|MERGING)
$ git status 
On branch ft/service-redesign
All conflicts fixed but you are still merging.
  (use "git commit" to conclude merge)

Changes to be committed:
        modified:   service.html
        modified:   services.html


igor@DESKTOP-ES7K9H6 MINGW64 ~/Desktop/Git-Exercise-2 (ft/service-redesign|MERGING)
$ git commit -m "Merge main into ft/service-redesign"
[ft/service-redesign 8bb8eb6] Merge main into ft/service-redesign

igor@DESKTOP-ES7K9H6 MINGW64 ~/Desktop/Git-Exercise-2 (ft/service-redesign)
$ git push origin ft/service-redesign
Enumerating objects: 7, done.
Counting objects: 100% (7/7), done.
Delta compression using up to 4 threads
Compressing objects: 100% (3/3), done.
Writing objects: 100% (3/3), 388 bytes | 388.00 KiB/s, done.
Total 3 (delta 2), reused 0 (delta 0), pack-reused 0
remote: Resolving deltas: 100% (2/2), completed with 2 local objects.
To https://github.com/igorntwari/Git-Exercises-2.git
   fc07aaa..8bb8eb6  ft/service-redesign -> ft/service-redesign
