
igor@DESKTOP-ES7K9H6 MINGW64 ~/Desktop/Git-Exercise-2 (ft/service-redesign)
$ git checkout -d ft/team-page
fatal: git checkout: --detach does not take a path argument 'ft/team-page'

igor@DESKTOP-ES7K9H6 MINGW64 ~/Desktop/Git-Exercise-2 (ft/service-redesign)
$ git checkout -b ft/team-page                                                                                                                
Switched to a new branch 'ft/team-page'

igor@DESKTOP-ES7K9H6 MINGW64 ~/Desktop/Git-Exercise-2 (ft/team-page)
$ touch team.html

igor@DESKTOP-ES7K9H6 MINGW64 ~/Desktop/Git-Exercise-2 (ft/team-page)
$ git add .

igor@DESKTOP-ES7K9H6 MINGW64 ~/Desktop/Git-Exercise-2 (ft/team-page)
$ git commit -m "created new branch with new page"
[ft/team-page 6f7e180] created new branch with new page
 2 files changed, 12 insertions(+), 5 deletions(-)
 create mode 100644 team.html

igor@DESKTOP-ES7K9H6 MINGW64 ~/Desktop/Git-Exercise-2 (ft/team-page)
$ git push origin ft/team-page
Enumerating objects: 6, done.
Counting objects: 100% (6/6), done.
Delta compression using up to 4 threads
Compressing objects: 100% (4/4), done.
Writing objects: 100% (4/4), 547 bytes | 547.00 KiB/s, done.
Total 4 (delta 2), reused 0 (delta 0), pack-reused 0
remote: Resolving deltas: 100% (2/2), completed with 2 local objects.
remote:
remote: Create a pull request for 'ft/team-page' on GitHub by visiting:
remote:      https://github.com/igorntwari/Git-Exercises-2/pull/new/ft/team-page
remote:
To https://github.com/igorntwari/Git-Exercises-2.git
 * [new branch]      ft/team-page -> ft/team-page

igor@DESKTOP-ES7K9H6 MINGW64 ~/Desktop/Git-Exercise-2 (ft/team-page)
$ git checkout main 
Switched to branch 'main'
Your branch is up to date with 'origin/main'.

igor@DESKTOP-ES7K9H6 MINGW64 ~/Desktop/Git-Exercise-2 (main)
$ git checkout -b ft/contact-page
Switched to a new branch 'ft/contact-page'

igor@DESKTOP-ES7K9H6 MINGW64 ~/Desktop/Git-Exercise-2 (ft/contact-page)
$ git checkout ft/team-page 
Switched to branch 'ft/team-page'

igor@DESKTOP-ES7K9H6 MINGW64 ~/Desktop/Git-Exercise-2 (ft/team-page)
$ git log
commit 6f7e1804da98fb29d5bf3d550f4a156f157e1158 (HEAD -> ft/team-page, origin/ft/team-page)
Author: igorntwari <igorntwari28@gmail.com>
Date:   Wed Jul 26 11:44:58 2023 +0300

    created new branch with new page

commit 8bb8eb6c3f26a4b0210812cc9bd81f863d9b9e42 (origin/ft/service-redesign, ft/service-redesign)
Merge: fc07aaa 4ffe8f2
Author: igorntwari <igorntwari28@gmail.com>
Date:   Tue Jul 25 13:09:54 2023 +0300

    Merge main into ft/service-redesign

igor@DESKTOP-ES7K9H6 MINGW64 ~/Desktop/Git-Exercise-2 (ft/team-page)
$ git checkout ft/contact-page 
Switched to branch 'ft/contact-page'

igor@DESKTOP-ES7K9H6 MINGW64 ~/Desktop/Git-Exercise-2 (ft/contact-page)
$ git log ft/team-page 
commit 6f7e1804da98fb29d5bf3d550f4a156f157e1158 (origin/ft/team-page, ft/team-page)
Author: igorntwari <igorntwari28@gmail.com>
Date:   Wed Jul 26 11:44:58 2023 +0300

    created new branch with new page

commit 8bb8eb6c3f26a4b0210812cc9bd81f863d9b9e42 (origin/ft/service-redesign, ft/service-redesign)
Merge: fc07aaa 4ffe8f2
Author: igorntwari <igorntwari28@gmail.com>
Date:   Tue Jul 25 13:09:54 2023 +0300

    Merge main into ft/service-redesign

igor@DESKTOP-ES7K9H6 MINGW64 ~/Desktop/Git-Exercise-2 (ft/contact-page)
$ git cherry-pick 6f7e1804da98fb29d5bf3d550f4a156f157e1158
Auto-merging service.html
CONFLICT (content): Merge conflict in service.html
error: could not apply 6f7e180... created new branch with new page
hint: After resolving the conflicts, mark them with
hint: "git add/rm <pathspec>", then run
hint: "git cherry-pick --continue".
hint: You can instead skip this commit with "git cherry-pick --skip".
hint: To abort and get back to the state before "git cherry-pick",
hint: run "git cherry-pick --abort".

igor@DESKTOP-ES7K9H6 MINGW64 ~/Desktop/Git-Exercise-2 (ft/contact-page|CHERRY-PICKING)
$ git checkout ft/contact-page
error: you need to resolve your current index first
service.html: needs merge

igor@DESKTOP-ES7K9H6 MINGW64 ~/Desktop/Git-Exercise-2 (ft/contact-page|CHERRY-PICKING)
$ git cherry-pick 6f7e1804da98fb29d5bf3d550f4a156f157e1158
[ft/contact-page a76ea1a] created new branch with new page
 Date: Wed Jul 26 11:44:58 2023 +0300
 1 file changed, 1 insertion(+), 5 deletions(-)

igor@DESKTOP-ES7K9H6 MINGW64 ~/Desktop/Git-Exercise-2 (ft/contact-page)
$ touch contact.html

igor@DESKTOP-ES7K9H6 MINGW64 ~/Desktop/Git-Exercise-2 (ft/contact-page)
$ git add .

igor@DESKTOP-ES7K9H6 MINGW64 ~/Desktop/Git-Exercise-2 (ft/contact-page)
$ git commit -m "created new page"
[ft/contact-page cd922d9] created new page
 1 file changed, 11 insertions(+)
 create mode 100644 contact.html

igor@DESKTOP-ES7K9H6 MINGW64 ~/Desktop/Git-Exercise-2 (ft/contact-page)
$ git push origin ft/contact-page 
Enumerating objects: 8, done.
Counting objects: 100% (8/8), done.
Delta compression using up to 4 threads
Compressing objects: 100% (6/6), done.
Writing objects: 100% (6/6), 704 bytes | 704.00 KiB/s, done.
Total 6 (delta 3), reused 0 (delta 0), pack-reused 0
remote: Resolving deltas: 100% (3/3), completed with 2 local objects.
To https://github.com/igorntwari/Git-Exercises-2.git
   7f564f7..cd922d9  ft/contact-page -> ft/contact-page

igor@DESKTOP-ES7K9H6 MINGW64 ~/Desktop/Git-Exercise-2 (ft/contact-page)
$ git checkout -b ft/faq-page
Switched to a new branch 'ft/faq-page'

igor@DESKTOP-ES7K9H6 MINGW64 ~/Desktop/Git-Exercise-2 (ft/faq-page)
$ touch faq.html

igor@DESKTOP-ES7K9H6 MINGW64 ~/Desktop/Git-Exercise-2 (ft/faq-page)
$ git add .

igor@DESKTOP-ES7K9H6 MINGW64 ~/Desktop/Git-Exercise-2 (ft/faq-page)
$ git commit -m "created new faq branch with new page "
[ft/faq-page 43d084e] created new faq branch with new page
 1 file changed, 11 insertions(+)
 create mode 100644 faq.html

igor@DESKTOP-ES7K9H6 MINGW64 ~/Desktop/Git-Exercise-2 (ft/faq-page)
$ git push origin ft/faq-page
Enumerating objects: 4, done.
Counting objects: 100% (4/4), done.
Delta compression using up to 4 threads
Compressing objects: 100% (3/3), done.
Writing objects: 100% (3/3), 452 bytes | 452.00 KiB/s, done.
Total 3 (delta 1), reused 0 (delta 0), pack-reused 0
remote: Resolving deltas: 100% (1/1), completed with 1 local object.
remote:
remote: Create a pull request for 'ft/faq-page' on GitHub by visiting:
remote:      https://github.com/igorntwari/Git-Exercises-2/pull/new/ft/faq-page
remote:
To https://github.com/igorntwari/Git-Exercises-2.git
 * [new branch]      ft/faq-page -> ft/faq-page

igor@DESKTOP-ES7K9H6 MINGW64 ~/Desktop/Git-Exercise-2 (ft/faq-page)
$ git checkout ft/team-page
Switched to branch 'ft/team-page'

igor@DESKTOP-ES7K9H6 MINGW64 ~/Desktop/Git-Exercise-2 (ft/team-page)
$ git log
commit 6f7e1804da98fb29d5bf3d550f4a156f157e1158 (HEAD -> ft/team-page, origin/ft/team-page)
Author: igorntwari <igorntwari28@gmail.com>
Date:   Wed Jul 26 11:44:58 2023 +0300
Revert "created new branch with new page"

    created new branch with new page

commit 8bb8eb6c3f26a4b0210812cc9bd81f863d9b9e42 (origin/ft/service-redesign, ft/service-redesign)
Merge: fc07aaa 4ffe8f2
Author: igorntwari <igorntwari28@gmail.com>
Date:   Tue Jul 25 13:09:54 2023 +0300

    Merge main into ft/service-redesign

igor@DESKTOP-ES7K9H6 MINGW64 ~/Desktop/Git-Exercise-2 (ft/team-page)
$ git revert 6f7e1804da98fb29d5bf3d550f4a156f157e1158
[ft/team-page c3b9d5f] Revert "created new branch with new page"
 2 files changed, 5 insertions(+), 12 deletions(-)
 delete mode 100644 team.html

igor@DESKTOP-ES7K9H6 MINGW64 ~/Desktop/Git-Exercise-2 (ft/team-page)
$ git commit -m "reverted some changes" 
On branch ft/team-page
nothing to commit, working tree clean

igor@DESKTOP-ES7K9H6 MINGW64 ~/Desktop/Git-Exercise-2 (ft/team-page)
$ git push origin ft/team-page 
Enumerating objects: 5, done.
Counting objects: 100% (5/5), done.
Delta compression using up to 4 threads
Compressing objects: 100% (3/3), done.
Writing objects: 100% (3/3), 431 bytes | 431.00 KiB/s, done.
Total 3 (delta 2), reused 0 (delta 0), pack-reused 0
remote: Resolving deltas: 100% (2/2), completed with 2 local objects.
To https://github.com/igorntwari/Git-Exercises-2.git
   6f7e180..c3b9d5f  ft/team-page -> ft/team-page

igor@DESKTOP-ES7K9H6 MINGW64 ~/Desktop/Git-Exercise-2 (ft/team-page)
$
