igor@DESKTOP-ES7K9H6 MINGW64 ~/Desktop/Git-Exercise-2 (main)
$ git checkout -b ft/footer
Switched to a new branch 'ft/footer'

igor@DESKTOP-ES7K9H6 MINGW64 ~/Desktop/Git-Exercise-2 (ft/footer)
$ touch footer.html
igor@DESKTOP-ES7K9H6 MINGW64 ~/Desktop/Git-Exercise-2 (ft/footer)
$ git add .
warning: adding embedded git repository: Bundle-4-Exercise-1
hint: You've added another git repository inside your current repository.
hint: Clones of the outer repository will not contain the contents of
hint: the embedded repository and will not know how to obtain it.
hint: If you meant to add a submodule, use:
hint: 
hint:   git submodule add <url> Bundle-4-Exercise-1
hint: 
hint: If you added this path by mistake, you can remove it from the
hint: index with:
hint: 
hint:   git rm --cached Bundle-4-Exercise-1
hint: 
hint: See "git help submodule" for more information.

igor@DESKTOP-ES7K9H6 MINGW64 ~/Desktop/Git-Exercise-2 (ft/footer)
$ git help submodule

igor@DESKTOP-ES7K9H6 MINGW64 ~/Desktop/Git-Exercise-2 (ft/footer)
$ git add .

igor@DESKTOP-ES7K9H6 MINGW64 ~/Desktop/Git-Exercise-2 (ft/footer)
$ git commit -m "added new branch "
[ft/footer cc02936] added new branch
 1 file changed, 11 insertions(+)
 create mode 100644 footer.html

igor@DESKTOP-ES7K9H6 MINGW64 ~/Desktop/Git-Exercise-2 (ft/footer)
$ git push origin ft/footer
Enumerating objects: 4, done.
Counting objects: 100% (4/4), done.
Delta compression using up to 4 threads
Compressing objects: 100% (3/3), done.
Writing objects: 100% (3/3), 438 bytes | 219.00 KiB/s, done.
Total 3 (delta 1), reused 0 (delta 0), pack-reused 0
remote: Resolving deltas: 100% (1/1), completed with 1 local object.
remote:
remote: Create a pull request for 'ft/footer' on GitHub by visiting:
remote:      https://github.com/igorntwari/Git-Exercises-2/pull/new/ft/footer
remote:
To https://github.com/igorntwari/Git-Exercises-2.git
 * [new branch]      ft/footer -> ft/footer

igor@DESKTOP-ES7K9H6 MINGW64 ~/Desktop/Git-Exercise-2 (ft/footer)
$ git add . 

igor@DESKTOP-ES7K9H6 MINGW64 ~/Desktop/Git-Exercise-2 (ft/footer)
$ git commit -m "made some changes "
[ft/footer dddbac6] made some changes
 1 file changed, 1 insertion(+)

igor@DESKTOP-ES7K9H6 MINGW64 ~/Desktop/Git-Exercise-2 (ft/footer)
$ git push origin ft/footer
Enumerating objects: 5, done.
Counting objects: 100% (5/5), done.
Delta compression using up to 4 threads
Compressing objects: 100% (3/3), done.
Writing objects: 100% (3/3), 341 bytes | 341.00 KiB/s, done.
Total 3 (delta 2), reused 0 (delta 0), pack-reused 0
remote: Resolving deltas: 100% (2/2), completed with 2 local objects.
To https://github.com/igorntwari/Git-Exercises-2.git
   cc02936..dddbac6  ft/footer -> ft/footer

igor@DESKTOP-ES7K9H6 MINGW64 ~/Desktop/Git-Exercise-2 (ft/footer)
$ git checkout main 
Switched to branch 'main'
Your branch is up to date with 'origin/main'.

igor@DESKTOP-ES7K9H6 MINGW64 ~/Desktop/Git-Exercise-2 (main)
$ git checkout -b ft/squashing
Switched to a new branch 'ft/squashing'

igor@DESKTOP-ES7K9H6 MINGW64 ~/Desktop/Git-Exercise-2 (ft/squashing)
$ git merge --squash ft/footer 
Updating 780fd24..dddbac6
Fast-forward
Squash commit -- not updating HEAD
 footer.html | 12 ++++++++++++   
 1 file changed, 12 insertions(+)
 create mode 100644 footer.html

igor@DESKTOP-ES7K9H6 MINGW64 ~/Desktop/Git-Exercise-2 (ft/squashing)
$ git add .

igor@DESKTOP-ES7K9H6 MINGW64 ~/Desktop/Git-Exercise-2 (ft/squashing)
$ git commit -m "squashed changes"
[ft/squashing 338ab7b] squashed changes
 1 file changed, 12 insertions(+)
 create mode 100644 footer.html

igor@DESKTOP-ES7K9H6 MINGW64 ~/Desktop/Git-Exercise-2 (ft/squashing)
$ git status 
On branch ft/squashing
nothing to commit, working tree clean

igor@DESKTOP-ES7K9H6 MINGW64 ~/Desktop/Git-Exercise-2 (ft/squashing)
$ git log 
commit 338ab7b78159140e74721ffaa1fa1a4142325558 (HEAD -> ft/squashing)
Author: igorntwari <igorntwari28@gmail.com>
Date:   Fri Jul 28 12:30:01 2023 +0300

    squashed changes

commit 780fd24650a6656a3d19213a59648c9012f0981d (origin/main, main)
Author: igorntwari <igorntwari28@gmail.com>
Date:   Thu Jul 27 11:35:33 2023 +0300


igor@DESKTOP-ES7K9H6 MINGW64 ~/Desktop/Git-Exercise-2 (ft/squashing)
$ git push origin ft/squashing 
Enumerating objects: 4, done.
Counting objects: 100% (4/4), done.
Delta compression using up to 4 threads
Compressing objects: 100% (3/3), done.
Writing objects: 100% (3/3), 467 bytes | 467.00 KiB/s, done.
Total 3 (delta 1), reused 0 (delta 0), pack-reused 0
remote: Resolving deltas: 100% (1/1), completed with 1 local object.
remote:
remote: Create a pull request for 'ft/squashing' on GitHub by visiting:
remote:      https://github.com/igorntwari/Git-Exercises-2/pull/new/ft/squashing
remote:
To https://github.com/igorntwari/Git-Exercises-2.git
 * [new branch]      ft/squashing -> ft/squashing

igor@DESKTOP-ES7K9H6 MINGW64 ~/Desktop/Git-Exercise-2 (ft/squashing)
$
